// Vitest Snapshot v1, https://vitest.dev/guide/snapshot.html

exports[`<HomeHero /> > it should mount 1`] = `
<div
  className="sc-bdvuGq hka-DTH"
  data-testid="HomeHero"
>
  <div
    className="container py-5 shadow-4 rounded-3"
  >
    <h2>
      Welcome to my site!
    </h2>
    <p>
      This is a repo of a few of my experimental projects.
    </p>
  </div>
</div>
`;
